
                           Design Compiler Graphical 
                                 DC Ultra (TM)
                                  DFTMAX (TM)
                              Power Compiler (TM)
                                 DesignWare (R)
                                 DC Expert (TM)
                               Design Vision (TM)
                               HDL Compiler (TM)
                               VHDL Compiler (TM)
                                  DFT Compiler
                               Design Compiler(R)

               Version S-2021.06-SP2 for linux64 - Aug 24, 2021 

                    Copyright (c) 1988 - 2021 Synopsys, Inc.
   This software and the associated documentation are proprietary to Synopsys,
 Inc. This software may only be used in accordance with the terms and conditions
 of a written license agreement with Synopsys, Inc. All other use, reproduction,
   or distribution of this software is strictly prohibited.  Licensed Products
     communicate with Synopsys servers for the purpose of providing software
    updates, detecting software piracy and verifying that customers are using
    Licensed Products in conformity with the applicable License Key for such
  Licensed Products. Synopsys will use information gathered in connection with
    this process to deliver software updates and pursue software pirates and
                                   infringers.

 Inclusivity & Diversity - Visit SolvNetPlus to read the "Synopsys Statement on
            Inclusivity and Diversity" (Refer to article 000036315 at
                        https://solvnetplus.synopsys.com)
Initializing...
source ./scripts/dc_setup.tcl
Loading db file '/home/yangwei/Workspace/asic/flatrun_alu/inp_data/library/sclib/db_nldm/saed32rvt_ss0p95v125c.db'
Loading db file '/home/yangwei/Workspace/asic/flatrun_alu/inp_data/library/sclib/db_nldm/saed32rvt_ff1p16vn40c.db'
../out_data/reports
source ./scripts/01_read.tcl
== READ_FILE autoread for top design 'TOP' ==

Starting READ_FILE autoread mode...
Information: Adding '/home/yangwei/Workspace/asic/flatrun_alu/inp_data/source'.  (AUTOREAD-100)
Information: Adding '/home/yangwei/Workspace/asic/flatrun_alu/inp_data/source/ADDER4.v'.  (AUTOREAD-100)
Information: Adding '/home/yangwei/Workspace/asic/flatrun_alu/inp_data/source/TOP.v'.  (AUTOREAD-100)
Information: Adding '/home/yangwei/Workspace/asic/flatrun_alu/inp_data/source/COUNTER.v'.  (AUTOREAD-100)
Information: Scanning file { ADDER4.v }. (AUTOREAD-303)
Information: Scanning file { TOP.v }. (AUTOREAD-303)
Information: Scanning file { COUNTER.v }. (AUTOREAD-303)
Compiling source file /home/yangwei/Workspace/asic/flatrun_alu/inp_data/source/COUNTER.v
Presto compilation completed successfully.
Compiling source file /home/yangwei/Workspace/asic/flatrun_alu/inp_data/source/ADDER4.v
Presto compilation completed successfully.
Compiling source file /home/yangwei/Workspace/asic/flatrun_alu/inp_data/source/TOP.v
Presto compilation completed successfully.
Elaborating top design TOP
Loading db file '/soc/eda/tool/synopsys/syn/S-2021.06-SP2/libraries/syn/dw_foundation.sldb'
Loading db file '/soc/eda/tool/synopsys/syn/S-2021.06-SP2/libraries/syn/gtech.db'
Loading db file '/soc/eda/tool/synopsys/syn/S-2021.06-SP2/libraries/syn/standard.sldb'
  Loading link library 'saed32rvt_ss0p95v125c'
  Loading link library 'gtech'
Running PRESTO HDLC
Presto compilation completed successfully. (TOP)
Elaborated 1 design.
Current design is now 'TOP'.
Information: Building the design 'COUNTER'. (HDL-193)

Inferred memory devices in process
	in routine COUNTER line 8 in file
		'/home/yangwei/Workspace/asic/flatrun_alu/inp_data/source/COUNTER.v'.
===============================================================================
|    Register Name    |   Type    | Width | Bus | MB | AR | AS | SR | SS | ST |
===============================================================================
|      cout_reg       | Flip-flop |   8   |  Y  | N  | Y  | N  | N  | N  | N  |
===============================================================================
Presto compilation completed successfully. (COUNTER)
Information: Building the design 'ADDER4'. (HDL-193)

Inferred memory devices in process
	in routine ADDER4 line 8 in file
		'/home/yangwei/Workspace/asic/flatrun_alu/inp_data/source/ADDER4.v'.
===============================================================================
|    Register Name    |   Type    | Width | Bus | MB | AR | AS | SR | SS | ST |
===============================================================================
|       out_reg       | Flip-flop |   8   |  Y  | N  | Y  | N  | N  | N  | N  |
===============================================================================
Presto compilation completed successfully. (ADDER4)
Autoread command completed successfully.
Current design is 'TOP'.

  Linking design 'TOP'
  Using the following designs and libraries:
  --------------------------------------------------------------------------
  * (3 designs)               /home/yangwei/Workspace/asic/flatrun_alu/2_synthesis/TOP.db, etc
  saed32rvt_ss0p95v125c (library) /home/yangwei/Workspace/asic/flatrun_alu/inp_data/library/sclib/db_nldm/saed32rvt_ss0p95v125c.db
  dw_foundation.sldb (library) /soc/eda/tool/synopsys/syn/S-2021.06-SP2/libraries/syn/dw_foundation.sldb

Writing ddc file '../out_data/pre_layout/TOP_unmapped.ddc'.
1
source ./scripts/02_constraint.tcl
Using operating conditions 'ss0p95v125c' found in library 'saed32rvt_ss0p95v125c'.
Using operating conditions 'ff1p16vn40c' found in library 'saed32rvt_ff1p16vn40c'.
1
source ./scripts/03_compile.tcl
Information: Performing power optimization. (PWR-850)
Analyzing: "/home/yangwei/Workspace/asic/flatrun_alu/inp_data/library/sclib/db_nldm/saed32rvt_ss0p95v125c.db"
Library analysis succeeded.
Information: Evaluating DesignWare library utilization. (UISN-27)

============================================================================
| DesignWare Building Block Library  |         Version         | Available |
============================================================================
| Basic DW Building Blocks           | S-2021.06-DWBB_202106.2 |     *     |
| Licensed DW Building Blocks        | S-2021.06-DWBB_202106.2 |     *     |
============================================================================

Information: Sequential output inversion is enabled.  SVF file must be used for formal verification. (OPT-1208)

Information: There are 4 potential problems in your design. Please run 'check_design' for more information. (LINT-99)

  Simplifying Design 'TOP'

Loaded alib file './alib-52/saed32rvt_ss0p95v125c.db.alib'
  Building model 'DW01_NAND2'
Information: Changed minimum wire load model for 'DW01_NAND2' from 'ForQA' to 'ForQA'. (OPT-171)
Information: Changed minimum wire load model for 'ADDER4' from '8000' to '8000'. (OPT-171)
Information: Changed minimum wire load model for 'COUNTER' from 'ForQA' to 'ForQA'. (OPT-171)
Information: Changed minimum wire load model for 'TOP' from '8000' to '8000'. (OPT-171)
Information: Ungrouping hierarchy U_counter before Pass 1 (OPT-776)
Information: Ungrouping hierarchy U_adder4 before Pass 1 (OPT-776)
Information: Ungrouping 2 of 3 hierarchies before Pass 1 (OPT-775)
Information: State dependent leakage is now switched from on to off.

  Beginning Pass 1 Mapping
  ------------------------
  Processing 'TOP'
 Implement Synthetic for 'TOP'.
Information: Added key list 'DesignWare' to design 'TOP'. (DDB-72)

  Updating timing information
Information: Changed minimum wire load model for 'TOP_DW01_inc_J1_0' from 'ForQA' to 'ForQA'. (OPT-171)
Information: Changed minimum wire load model for 'TOP_DW_mult_uns_J1_0' from 'ForQA' to 'ForQA'. (OPT-171)
Information: Updating design information... (UID-85)
Information: The library cell 'PMT3_RVT' in the library 'saed32rvt_ss0p95v125c' is not characterized for internal power. (PWR-536)
Information: The library cell 'PMT2_RVT' in the library 'saed32rvt_ss0p95v125c' is not characterized for internal power. (PWR-536)
Information: The library cell 'PMT1_RVT' in the library 'saed32rvt_ss0p95v125c' is not characterized for internal power. (PWR-536)
Information: The library cell 'NMT3_RVT' in the library 'saed32rvt_ss0p95v125c' is not characterized for internal power. (PWR-536)
Information: The library cell 'NMT2_RVT' in the library 'saed32rvt_ss0p95v125c' is not characterized for internal power. (PWR-536)
Information: The library cell 'NMT1_RVT' in the library 'saed32rvt_ss0p95v125c' is not characterized for internal power. (PWR-536)
Information: The target library(s) contains cell(s), other than black boxes, that are not characterized for internal power. (PWR-24)

Threshold voltage group cell usage:
>> saed32cell_svt 100.00%

  Beginning Mapping Optimizations  (Ultra High effort)
  -------------------------------
Information: There is no timing violation in design TOP. Delay-based auto_ungroup will not be performed. (OPT-780)

                                  TOTAL                                                            
   ELAPSED            WORST NEG   SETUP    DESIGN                              LEAKAGE   MIN DELAY 
    TIME      AREA      SLACK     COST    RULE COST         ENDPOINT            POWER      COST    
  --------- --------- --------- --------- --------- ------------------------- --------- -----------
    0:00:02     423.1      0.00       0.0       0.0                           19667470.0000      0.00  
    0:00:02     423.1      0.00       0.0       0.0                           19667470.0000      0.00  

Threshold voltage group cell usage:
>> saed32cell_svt 100.00%

  Beginning Constant Register Removal
  -----------------------------------
    0:00:02     423.1      0.00       0.0       0.0                           19667470.0000      0.00  
    0:00:02     423.1      0.00       0.0       0.0                           19667470.0000      0.00  

Threshold voltage group cell usage:
>> saed32cell_svt 100.00%

  Beginning Global Optimizations
  ------------------------------
  Numerical Synthesis (Phase 1)
  Numerical Synthesis (Phase 2)
  Global Optimization (Phase 1)
  Global Optimization (Phase 2)
  Global Optimization (Phase 3)
  Global Optimization (Phase 4)
  Global Optimization (Phase 5)
  Global Optimization (Phase 6)
  Global Optimization (Phase 7)
  Global Optimization (Phase 8)
  Global Optimization (Phase 9)
  Global Optimization (Phase 10)
  Global Optimization (Phase 11)
  Global Optimization (Phase 12)
  Global Optimization (Phase 13)
  Global Optimization (Phase 14)
  Global Optimization (Phase 15)
  Global Optimization (Phase 16)
  Global Optimization (Phase 17)
  Global Optimization (Phase 18)
  Global Optimization (Phase 19)
  Global Optimization (Phase 20)
  Global Optimization (Phase 21)
  Global Optimization (Phase 22)
  Global Optimization (Phase 23)
  Global Optimization (Phase 24)
  Global Optimization (Phase 25)
  Global Optimization (Phase 26)
  Global Optimization (Phase 27)
  Global Optimization (Phase 28)
  Global Optimization (Phase 29)

Threshold voltage group cell usage:
>> saed32cell_svt 100.00%

  Beginning Isolate Ports
  -----------------------

Threshold voltage group cell usage:
>> saed32cell_svt 100.00%

  Beginning Delay Optimization
  ----------------------------
    0:00:02     412.7      0.00       0.0       0.0                           19878966.0000      0.00  
    0:00:02     412.7      0.00       0.0       0.0                           19878966.0000      0.00  
    0:00:02     412.7      0.00       0.0       0.0                           19878966.0000      0.00  
    0:00:02     412.7      0.00       0.0       0.0                           19878966.0000      0.00  

Threshold voltage group cell usage:
>> saed32cell_svt 100.00%
    0:00:02     412.7      0.00       0.0       0.0                           19878966.0000      0.00  
    0:00:02     412.7      0.00       0.0       0.0                           19878966.0000      0.00  

  Beginning WLM Backend Optimization
  --------------------------------------
    0:00:02     412.5      0.00       0.0       0.0                           19825846.0000      0.00  
    0:00:02     412.5      0.00       0.0       0.0                           19825846.0000      0.00  
    0:00:02     412.5      0.00       0.0       0.0                           19825846.0000      0.00  
    0:00:02     412.5      0.00       0.0       0.0                           19213140.0000      0.00  
    0:00:02     412.5      0.00       0.0       0.0                           19213140.0000      0.00  
    0:00:02     412.5      0.00       0.0       0.0                           19213140.0000      0.00  
    0:00:02     412.5      0.00       0.0       0.0                           19213140.0000      0.00  
    0:00:02     412.5      0.00       0.0       0.0                           19213140.0000      0.00  
    0:00:02     412.5      0.00       0.0       0.0                           19213140.0000      0.00  
    0:00:02     412.5      0.00       0.0       0.0                           19213140.0000      0.00  
    0:00:02     412.5      0.00       0.0       0.0                           19213140.0000      0.00  
    0:00:02     412.5      0.00       0.0       0.0                           19213140.0000      0.00  
    0:00:02     412.5      0.00       0.0       0.0                           19213140.0000      0.00  
    0:00:02     412.5      0.00       0.0       0.0                           19213140.0000      0.00  
    0:00:02     412.5      0.00       0.0       0.0                           19213140.0000      0.00  
    0:00:02     412.5      0.00       0.0       0.0                           19213140.0000      0.00  
    0:00:02     412.5      0.00       0.0       0.0                           19213140.0000      0.00  
    0:00:02     412.5      0.00       0.0       0.0                           19213140.0000      0.00  
    0:00:02     412.5      0.00       0.0       0.0                           19213140.0000      0.00  
    0:00:02     412.5      0.00       0.0       0.0                           19213140.0000      0.00  
    0:00:02     412.5      0.00       0.0       0.0                           19213140.0000      0.00  
    0:00:02     412.5      0.00       0.0       0.0                           19213140.0000      0.00  
    0:00:02     412.5      0.00       0.0       0.0                           19213140.0000      0.00  
    0:00:02     412.5      0.00       0.0       0.0                           19213140.0000      0.00  

Threshold voltage group cell usage:
>> saed32cell_svt 100.00%


  Beginning Leakage Power Optimization  (max_leakage_power 0)
  ------------------------------------

                                  TOTAL                                                            
   ELAPSED            WORST NEG   SETUP    DESIGN                              LEAKAGE   MIN DELAY 
    TIME      AREA      SLACK     COST    RULE COST         ENDPOINT            POWER      COST    
  --------- --------- --------- --------- --------- ------------------------- --------- -----------
    0:00:02     412.5      0.00       0.0       0.0                           19213140.0000      0.00  
  Global Optimization (Phase 30)
  Global Optimization (Phase 31)
  Global Optimization (Phase 32)
  Global Optimization (Phase 33)
  Global Optimization (Phase 34)
  Global Optimization (Phase 35)
  Global Optimization (Phase 36)
  Global Optimization (Phase 37)
  Global Optimization (Phase 38)
  Global Optimization (Phase 39)
    0:00:02     412.5      0.00       0.0       0.0                           19213140.0000      0.00  
    0:00:02     412.5      0.00       0.0       0.0                           19213140.0000      0.00  
    0:00:02     412.5      0.00       0.0       0.0                           19213140.0000      0.00  
    0:00:02     412.5      0.00       0.0       0.0                           19213140.0000      0.00  
    0:00:02     412.5      0.00       0.0       0.0                           19213140.0000      0.00  
    0:00:02     412.5      0.00       0.0       0.0                           19213140.0000      0.00  
    0:00:02     412.5      0.00       0.0       0.0                           19213140.0000      0.00  
    0:00:02     412.5      0.00       0.0       0.0                           19213140.0000      0.00  
    0:00:02     412.5      0.00       0.0       0.0                           19213140.0000      0.00  
    0:00:02     412.5      0.00       0.0       0.0                           19213140.0000      0.00  
    0:00:02     412.5      0.00       0.0       0.0                           19213140.0000      0.00  
    0:00:02     412.5      0.00       0.0       0.0                           19213140.0000      0.00  
    0:00:02     412.5      0.00       0.0       0.0                           19213140.0000      0.00  
    0:00:02     412.5      0.00       0.0       0.0                           19213140.0000      0.00  
    0:00:02     412.5      0.00       0.0       0.0                           19213140.0000      0.00  
    0:00:02     412.5      0.00       0.0       0.0                           19213140.0000      0.00  
    0:00:02     412.5      0.00       0.0       0.0                           19213140.0000      0.00  
    0:00:02     412.5      0.00       0.0       0.0                           19213140.0000      0.00  
    0:00:02     412.5      0.00       0.0       0.0                           19213140.0000      0.00  
    0:00:02     412.5      0.00       0.0       0.0                           19213140.0000      0.00  
    0:00:02     412.5      0.00       0.0       0.0                           19213140.0000      0.00  
    0:00:02     412.5      0.00       0.0       0.0                           19213140.0000      0.00  

                                  TOTAL                                                            
   ELAPSED            WORST NEG   SETUP    DESIGN                              LEAKAGE   MIN DELAY 
    TIME      AREA      SLACK     COST    RULE COST         ENDPOINT            POWER      COST    
  --------- --------- --------- --------- --------- ------------------------- --------- -----------
    0:00:02     412.5      0.00       0.0       0.0                           19213140.0000      0.00  
    0:00:02     412.5      0.00       0.0       0.0                           19213140.0000      0.00  
    0:00:02     412.5      0.00       0.0       0.0                           19213140.0000      0.00  
    0:00:02     412.5      0.00       0.0       0.0                           19213140.0000      0.00  
    0:00:02     412.5      0.00       0.0       0.0                           19213140.0000      0.00  
    0:00:02     412.5      0.00       0.0       0.0                           19213140.0000      0.00  
    0:00:02     412.5      0.00       0.0       0.0                           19213140.0000      0.00  
    0:00:02     412.5      0.00       0.0       0.0                           19213140.0000      0.00  
    0:00:02     412.5      0.00       0.0       0.0                           19213140.0000      0.00  
    0:00:02     412.5      0.00       0.0       0.0                           19213140.0000      0.00  
    0:00:02     412.5      0.00       0.0       0.0                           19213140.0000      0.00  
Loading db file '/home/yangwei/Workspace/asic/flatrun_alu/inp_data/library/sclib/db_nldm/saed32rvt_ff1p16vn40c.db'
Loading db file '/home/yangwei/Workspace/asic/flatrun_alu/inp_data/library/sclib/db_nldm/saed32rvt_ss0p95v125c.db'


Note: Symbol # after min delay cost means estimated hold TNS across all active scenarios 


  Optimization Complete
  ---------------------
Information: State dependent leakage is now switched from off to on.
Information: Propagating switching activity (low effort zero delay simulation). (PWR-6)
Writing ddc file '../out_data/pre_layout/TOP_mapped.ddc'.
Writing verilog file '/home/yangwei/Workspace/asic/flatrun_alu/out_data/pre_layout/TOP_mapped.v'.
1
exit

Memory usage for this session 232 Mbytes.
Memory usage for this session including child processes 232 Mbytes.
CPU usage for this session 50 seconds ( 0.01 hours ).
Elapsed time for this session 57 seconds ( 0.02 hours ).

Thank you...
